Archive member included because of file (symbol)

libs/gcc/app_start.lib(adc.o)
                              build\gcc\obj/custom/bsp/src/bsp_adc.o (Ql_ADC_Read)
libs/gcc/app_start.lib(gpio.o)
                              build\gcc\obj/custom/bsp/src/bsp_charge.o (Ql_GPIO_Init)
libs/gcc/app_start.lib(iic.o)
                              build\gcc\obj/custom/bsp/src/bsp_cst816s.o (Ql_IIC_Init)
libs/gcc/app_start.lib(memory.o)
                              build\gcc\obj/ril/src/ril_lwm2m.o (Ql_MEM_Alloc)
libs/gcc/app_start.lib(ql_func.o)
                              libs/gcc/app_start.lib(memory.o) (api_notsup)
libs/gcc/app_start.lib(ql_main.o)
                              build\gcc\obj/ril/src/ril_atResponse.o (Ql_sscanf)
libs/gcc/app_start.lib(ril_aux.o)
                              build\gcc\obj/custom/config/sys_config.o (proc_reserved2)
libs/gcc/app_start.lib(ril_main.o)
                              build\gcc\obj/custom/app/src/main.o (Ql_RIL_Initialize)
libs/gcc/app_start.lib(spi.o)
                              build\gcc\obj/custom/bsp/src/bsp_spi_bus.o (Ql_SPI_Init)
libs/gcc/app_start.lib(stdlib_func.o)
                              build\gcc\obj/ril/src/ril_mqtt.o (Ql_strncat)
libs/gcc/app_start.lib(system.o)
                              build\gcc\obj/custom/app/src/main.o (Ql_Sleep)
libs/gcc/app_start.lib(taskMngt.o)
                              build\gcc\obj/custom/app/src/main.o (Ql_OS_GetMessage)
libs/gcc/app_start.lib(timer.o)
                              libs/gcc/app_start.lib(ril_main.o) (Ql_Timer_Register)
libs/gcc/app_start.lib(uart.o)
                              build\gcc\obj/custom/app/src/main.o (Ql_UART_Register)
libs/gcc/app_start.lib(ocpu_init.o)
                              libs/gcc/app_start.lib(ql_main.o) (_OCPU_InitUserMem)
libs/gcc/app_start.lib(ql_urc_register.o)
                              libs/gcc/app_start.lib(ril_main.o) (Ql_RIL_Protocol_Handle)
tools\gcc\win\gcc-arm-none-eabi/arm-none-eabi/lib/armv7e-m/fpu/libc.a(lib_a-memcmp.o)
                              build\gcc\obj/custom/bsp/src/bsp_spi_flash.o (memcmp)
tools\gcc\win\gcc-arm-none-eabi/arm-none-eabi/lib/armv7e-m/fpu/libc.a(lib_a-memcpy.o)
                              build\gcc\obj/custom/bsp/src/bsp_spi_flash.o (memcpy)
tools\gcc\win\gcc-arm-none-eabi/arm-none-eabi/lib/armv7e-m/fpu/libc.a(lib_a-memset.o)
                              libs/gcc/app_start.lib(ql_main.o) (memset)
tools\gcc\win\gcc-arm-none-eabi/arm-none-eabi/lib/armv7e-m/fpu/libc.a(lib_a-strcpy.o)
                              build\gcc\obj/custom/bsp/src/bsp_spi_flash.o (strcpy)
tools\gcc\win\gcc-arm-none-eabi/arm-none-eabi/lib/armv7e-m/fpu/libc.a(lib_a-strlen.o)
                              build\gcc\obj/custom/bsp/src/bsp_tft_lcd.o (strlen)

Discarded input sections

 .text          0x00000000        0x0 build\gcc\obj/custom/config/custom_sys_cfg.o
 .data          0x00000000        0x0 build\gcc\obj/custom/config/custom_sys_cfg.o
 .bss           0x00000000        0x0 build\gcc\obj/custom/config/custom_sys_cfg.o
 .text.Ql_WTD_GetWDIPinCfg
                0x00000000        0x8 build\gcc\obj/custom/config/custom_sys_cfg.o
 .text          0x00000000        0x0 build\gcc\obj/custom/config/sys_config.o
 .data          0x00000000        0x0 build\gcc\obj/custom/config/sys_config.o
 .bss           0x00000000        0x0 build\gcc\obj/custom/config/sys_config.o
 .text          0x00000000        0x0 build\gcc\obj/ril/src/ril_atResponse.o
 .data          0x00000000        0x0 build\gcc\obj/ril/src/ril_atResponse.o
 .bss           0x00000000        0x0 build\gcc\obj/ril/src/ril_atResponse.o
 .text.Ql_RIL_AT_GetErrCode
                0x00000000        0xc build\gcc\obj/ril/src/ril_atResponse.o
 .text          0x00000000        0x0 build\gcc\obj/ril/src/ril_dfota.o
 .data          0x00000000        0x0 build\gcc\obj/ril/src/ril_dfota.o
 .bss           0x00000000        0x0 build\gcc\obj/ril/src/ril_dfota.o
 .text.RIL_DFOTA_Upgrade
                0x00000000       0x48 build\gcc\obj/ril/src/ril_dfota.o
 .text          0x00000000        0x0 build\gcc\obj/ril/src/ril_init.o
 .data          0x00000000        0x0 build\gcc\obj/ril/src/ril_init.o
 .bss           0x00000000        0x0 build\gcc\obj/ril/src/ril_init.o
 .text          0x00000000        0x0 build\gcc\obj/ril/src/ril_lwm2m.o
 .data          0x00000000        0x0 build\gcc\obj/ril/src/ril_lwm2m.o
 .bss           0x00000000        0x0 build\gcc\obj/ril/src/ril_lwm2m.o
 .text.ATResponse_Handler
                0x00000000       0x5c build\gcc\obj/ril/src/ril_lwm2m.o
 .text.ATResponse_Update_Handler
                0x00000000       0x6c build\gcc\obj/ril/src/ril_lwm2m.o
 .text.ATResponse_Send_Handler
                0x00000000       0x6c build\gcc\obj/ril/src/ril_lwm2m.o
 .text.ATResponse_Close_Handler
                0x00000000       0x6c build\gcc\obj/ril/src/ril_lwm2m.o
 .text.RIL_QLwM2M_Serv
[...]
Memory Configuration

Name             Origin             Length             Attributes
ROM              0x08292040         0x00032000         xr
RAM              0x001e7000         0x00019000         xrw
*default*        0x00000000         0xffffffff

Linker script and memory map

                0x08292040                . = 0x8292040

.initdata       0x08292040       0x2c
                0x08292040                . = ALIGN (0x4)
 *(.initdata)
 .initdata      0x08292040       0x2c libs/gcc/app_start.lib(ql_main.o)
                0x08292040                GADLENTRY

text            0x0829206c     0x2f78
                0x0829206c                . = ALIGN (0x4)
 *(.text.*)
 .text.Ql_RIL_AT_SetErrCode
                0x0829206c        0xc build\gcc\obj/ril/src/ril_atResponse.o
                0x0829206c                Ql_RIL_AT_SetErrCode
 .text.Default_atRsp_callback
                0x08292078       0x88 build\gcc\obj/ril/src/ril_atResponse.o
                0x08292078                Default_atRsp_callback
 .text.DFOTA_Analysis
                0x08292100      0x104 build\gcc\obj/ril/src/ril_dfota.o
                0x08292100                DFOTA_Analysis
 .text.Dfota_Upgrade_States
                0x08292204        0x2 build\gcc\obj/ril/src/ril_dfota.o
                0x08292204                Dfota_Upgrade_States
 .text.RIL_GetInitCmdCnt
                0x08292206        0x4 build\gcc\obj/ril/src/ril_init.o
                0x08292206                RIL_GetInitCmdCnt
 .text.RIL_GetLimitedCmdCnt
                0x0829220a        0x4 build\gcc\obj/ril/src/ril_init.o
                0x0829220a                RIL_GetLimitedCmdCnt
 *fill*         0x0829220e        0x2 
 .text.RIL_SIM_GetSimStateByName
                0x08292210       0xc8 build\gcc\obj/ril/src/ril_network.o
                0x08292210                RIL_SIM_GetSimStateByName
 .text.QSDK_Get_Str
                0x082922d8       0x78 build\gcc\obj/ril/src/ril_system.o
                0x082922d8                QSDK_Get_Str
 .text.OnURCHandler_MQTT_DISC
                0x08292350       0xac build\gcc\obj/ril/src/ril_urc.o
 .text.OnURCHandler_MQTT_CLOSE
                0x082923fc       0xac build\gcc\obj/ril/src/ril_urc.o
 .text.OnURCHandler_MQTT_STATE
                0x082924a8       0x94 build\gcc\obj/ril/src/ril_urc.o
 .text.OnURCHandler_MQTT_TUNS
                0x0829253c       0xac build\gcc\obj/ril/src/ril_urc.o
 .text.OnURCHandler_MQTT_PUB
                0x082925e8       0xcc build\gcc\obj/ril/src/ril_urc.o
 .text.OnURCHandler_MQTT_SUB
                0x082926b4       0xe8 build\gcc\obj/ril/src/ril_urc.o
 .text.OnURCHandler_MQTT_CONN
                0x0829279c       0xb8 build\gcc\obj/ril/src/ril_urc.o
 .text.OnURCHandler_MQTT_OPEN
                0x08292854       0x94 build\gcc\obj/ril/src/ril_urc.o
 .text.OnURCHandler_ONENET_READ
                0x082928e8       0xdc build\gcc\obj/ril/src/ril_urc.o
 .text.OnURCHandler_ONENET_DISCOVER
                0x082929c4       0xac build\gcc\obj/ril/src/ril_urc.o
 .text.OnURCHandler_ONENET_OBSERVER
                0x08292a70       0xf0 build\gcc\obj/ril/src/ril_urc.o
 .text.OnURCHandler_ONENET_EVENT
                0x08292b60       0xf8 build\gcc\obj/ril/src/ril_urc.o
 .text.OnURCHandler_LwM2M_OBSERVE
                0x08292c58       0xc4 build\gcc\obj/ril/src/ril_urc.o
 .text.OnURCHandler_QIURC_OPEN
                0x08292d1c       0x94 build\gcc\obj/ril/src/ril_urc.o
 .text.OnURCHandler_NbiotEvent
                0x08292db0       0x3c build\gcc\obj/ril/src/ril_urc.o
 .text.OnURCHandler_DFOTA_Hander
                0x08292dec       0x3c build\gcc\obj/ril/src/ril_urc.o
 .text.OnURCHandler_SOCKET_QIURC
                0x08292e28       0xa8 build\gcc\obj/ril/src/ril_urc.o
 .text.OnURCHandler_CFUN
                0x08292ed0       0x70 build\gcc\obj/ril/src/ril_urc.o
 .text.OnURCHandler_Network
                0x08292f40       0x80 build\gcc\obj/ril/src/ril_urc.o
 .text.OnURCHandler_SIM
                0x08292fc0       0x90 build\gcc\obj/ril/src/ril_urc.o
 .text.OnURCHandler
                0x08293050       0x70 build\gcc\obj/ril/src/ril_urc.o
                0x08293050                OnURCHandler
 .text.Ql_RIL_IsURCStr
                0x082930c0       0x40 build\gcc\obj/ril/src/ril_urc.o
                0x082930c0                Ql_RIL_IsURCStr
 .text.Ql_StrPrefixMatch
                0x08293100       0x28 build\gcc\obj/ril/src/ril_util.o
                0x08293100                Ql_StrPrefixMatch
 .text.Ql_StrToUpper
                0x08293128       0x28 build\gcc\obj/ril/src/ril_util.o
                0x08293128                Ql_StrToUpper
 .text.Ql_RIL_FindString
                0x08293150       0x50 build\gcc\obj/ril/src/ril_util.o
                0x08293150                Ql_RIL_FindString
 .text.Ql_RIL_FindLine
                0x082931a0      0x154 build\gcc\obj/ril/src/ril_util.o
                0x082931a0                Ql_RIL_FindLine
 .text.ATResponse_Handler
                0x082932f4       0x98 build\gcc\obj/custom/app/src/main.o
 .text.CallBack_UART_Hdlr
                0x0829338c       0xe8 build\gcc\obj/custom/app/src/main.o
 .text.proc_main_task
                0x08293474      0x15c build\gcc\obj/custom/app/src/main.o
                0x08293474                proc_main_task
 .text.proc_subtask1
                0x082935d0       0x54 build\gcc\obj/custom/app/src/main.o
                0x082935d0                proc_subtask1
 .text.proc_subtask2
                0x08293624       0x68 build\gcc\obj/custom/app/src/main.o
                0x08293624                proc_subtask2
 .text.bsp_Init
                0x0829368c       0x24 build\gcc\obj/custom/bsp/src/bsp.o
                0x0829368c                bsp_Init
 .text.IsKeyDown1
                0x082936b0       0x18 build\gcc\obj/custom/bsp/src/bsp_key.o
 .text.bsp_InitKey
                0x082936c8       0x7c build\gcc\obj/custom/bsp/src/bsp_key.o
                0x082936c8                bsp_InitKey
 .text.bsp_PutKey
                0x08293744       0x18 build\gcc\obj/custom/bsp/src/bsp_key.o
                0x08293744                bsp_PutKey
 .text.bsp_GetKey
                0x0829375c       0x24 build\gcc\obj/custom/bsp/src/bsp_key.o
                0x0829375c                bsp_GetKey
 .text.bsp_KeyScan
                0x08293780       0x94 build\gcc\obj/custom/bsp/src/bsp_key.o
                0x08293780                bsp_KeyScan
 .text.MOTOR_ENABLE
                0x08293814       0x10 build\gcc\obj/custom/bsp/src/bsp_motor.o
                0x08293814                MOTOR_ENABLE
 .text.MOTOR_DISABLE
                0x08293824       0x10 build\gcc\obj/custom/bsp/src/bsp_motor.o
                0x08293824                MOTOR_DISABLE
 .text.Motor_InitHard
                0x08293834       0x54 build\gcc\obj/custom/bsp/src/bsp_motor.o
                0x08293834                Motor_InitHard
 .text.Motor_Start
                0x08293888       0x28 build\gcc\obj/custom/bsp/src/bsp_motor.o
                0x08293888                Motor_Start
 .text.Motor_Pro
                0x082938b0       0x78 build\gcc\obj/custom/bsp/src/bsp_motor.o
                0x082938b0                Motor_Pro
 .text.bsp_InitSPIBus
                0x08293928       0xc8 build\gcc\obj/custom/bsp/src/bsp_spi_bus.o
                0x08293928                bsp_InitSPIBus
 .text.bsp_spiWrite
                0x082939f0       0x20 build\gcc\obj/custom/bsp/src/bsp_spi_bus.o
                0x082939f0                bsp_spiWrite
 .text.ST3375_WR_REG
                0x08293a10       0x28 build\gcc\obj/custom/bsp/src/bsp_st3375.o
 .text.ST3375_WR_DATA
                0x08293a38       0x28 build\gcc\obj/custom/bsp/src/bsp_st3375.o
 .text.ST3375_Set_windows
                0x08293a60       0x50 build\gcc\obj/custom/bsp/src/bsp_st3375.o
                0x08293a60                ST3375_Set_windows
 .text.ST3375_InitHard
                0x08293ab0      0x16c build\gcc\obj/custom/bsp/src/bsp_st3375.o
                0x08293ab0                ST3375_InitHard
 .text.ST3375_SetDirection
                0x08293c1c       0x44 build\gcc\obj/custom/bsp/src/bsp_st3375.o
                0x08293c1c                ST3375_SetDirection
 .text.ST3375_DispOn
                0x08293c60       0x10 build\gcc\obj/custom/bsp/src/bsp_st3375.o
                0x08293c60                ST3375_DispOn
 .text.ST3375_ClrScr
                0x08293c70       0x94 build\gcc\obj/custom/bsp/src/bsp_st3375.o
                0x08293c70                ST3375_ClrScr
 .text.LCD_DispOn
                0x08293d04       0x18 build\gcc\obj/custom/bsp/src/bsp_tft_lcd.o
                0x08293d04                LCD_DispOn
 .text.LCD_ClrScr
                0x08293d1c       0x18 build\gcc\obj/custom/bsp/src/bsp_tft_lcd.o
                0x08293d1c                LCD_ClrScr
 .text.LCD_SetCS
                0x08293d34       0x14 build\gcc\obj/custom/bsp/src/bsp_tft_lcd.o
                0x08293d34                LCD_SetCS
 .text.LCD_SetDC
                0x08293d48       0x14 build\gcc\obj/custom/bsp/src/bsp_tft_lcd.o
                0x08293d48                LCD_SetDC
 .text.LCD_SetRES
                0x08293d5c       0x14 build\gcc\obj/custom/bsp/src/bsp_tft_lcd.o
                0x08293d5c                LCD_SetRES
 .text.LCD_PWMBackLight_Init
                0x08293d70       0x54 build\gcc\obj/custom/bsp/src/bsp_tft_lcd.o
                0x08293d70                LCD_PWMBackLight_Init
 .text.LCD_SetPwmBackLight
                0x08293dc4       0x7c build\gcc\obj/custom/bsp/src/bsp_tft_lcd.o
                0x08293dc4                LCD_SetPwmBackLight
 .text.LCD_SetBackLight
                0x08293e40       0x14 build\gcc\obj/custom/bsp/src/bsp_tft_lcd.o
                0x08293e40                LCD_SetBackLight
 .text.LCD_SetDirection
                0x08293e54       0x20 build\gcc\obj/custom/bsp/src/bsp_tft_lcd.o
                0x08293e54                LCD_SetDirection
 .text.LCD_InitHard
                0x08293e74       0x9c build\gcc\obj/custom/bsp/src/bsp_tft_lcd.o
                0x08293e74                LCD_InitHard
 .text.Ql_GPIO_Init
                0x08293f10       0x44 libs/gcc/app_start.lib(gpio.o)
                0x08293f10                Ql_GPIO_Init
 .text.Ql_GPIO_SetLevel
                0x08293f54       0x38 libs/gcc/app_start.lib(gpio.o)
                0x08293f54                Ql_GPIO_SetLevel
 .text.Ql_GPIO_GetLevel
                0x08293f8c       0x34 libs/gcc/app_start.lib(gpio.o)
                0x08293f8c                Ql_GPIO_GetLevel
 .text.Ql_MEM_Alloc
                0x08293fc0       0x44 libs/gcc/app_start.lib(memory.o)
                0x08293fc0                Ql_MEM_Alloc
 .text.Ql_MEM_Free
                0x08294004       0x40 libs/gcc/app_start.lib(memory.o)
                0x08294004                Ql_MEM_Free
 .text.ql_InitVFunc
                0x08294044       0x7c libs/gcc/app_start.lib(ql_main.o)
                0x08294044                ql_InitVFunc
 .text.ocpu_main
                0x082940c0       0x68 libs/gcc/app_start.lib(ql_main.o)
                0x082940c0                ocpu_main
 .text.proc_reserved2
                0x08294128       0x40 libs/gcc/app_start.lib(ril_aux.o)
                0x08294128                proc_reserved2
 .text.ril_StopATTimer
                0x08294168       0x1c libs/gcc/app_start.lib(ril_main.o)
 .text.Callback_OnATTimer
                0x08294184       0x34 libs/gcc/app_start.lib(ril_main.o)
 .text.Ql_RIL_Initialize
                0x082941b8       0x90 libs/gcc/app_start.lib(ril_main.o)
                0x082941b8                Ql_RIL_Initialize
 .text.Ql_RIL_SendATCmd
                0x08294248      0x1c8 libs/gcc/app_start.lib(ril_main.o)
                0x08294248                Ql_RIL_SendATCmd
 .text.str_seacher_with
                0x08294410       0x58 libs/gcc/app_start.lib(ril_main.o)
                0x08294410                str_seacher_with
 .text.proc_reserved1
                0x08294468      0x354 libs/gcc/app_start.lib(ril_main.o)
                0x08294468                proc_reserved1
 .text.Ql_SPI_Init
                0x082947bc       0x50 libs/gcc/app_start.lib(spi.o)
                0x082947bc                Ql_SPI_Init
 .text.Ql_SPI_Config
                0x0829480c       0x48 libs/gcc/app_start.lib(spi.o)
                0x0829480c                Ql_SPI_Config
 .text.Ql_SPI_Write
                0x08294854       0x3c libs/gcc/app_start.lib(spi.o)
                0x08294854                Ql_SPI_Write
 .text.Ql_strncpy
                0x08294890       0x50 libs/gcc/app_start.lib(stdlib_func.o)
                0x08294890                Ql_strncpy
 .text.Ql_strlen
                0x082948e0       0x44 libs/gcc/app_start.lib(stdlib_func.o)
                0x082948e0                Ql_strlen
 .text.Ql_strncmp
                0x08294924       0x3c libs/gcc/app_start.lib(stdlib_func.o)
                0x08294924                Ql_strncmp
 .text.Ql_memset
                0x08294960       0x50 libs/gcc/app_start.lib(stdlib_func.o)
                0x08294960                Ql_memset
 .text.Ql_memcpy
                0x082949b0       0x50 libs/gcc/app_start.lib(stdlib_func.o)
                0x082949b0                Ql_memcpy
 .text.Ql_memcmp
                0x08294a00       0x3c libs/gcc/app_start.lib(stdlib_func.o)
                0x08294a00                Ql_memcmp
 .text.Ql_strstr
                0x08294a3c       0x48 libs/gcc/app_start.lib(stdlib_func.o)
                0x08294a3c                Ql_strstr
 .text.Ql_toupper
                0x08294a84        0x4 libs/gcc/app_start.lib(stdlib_func.o)
                0x08294a84                Ql_toupper
 .text.Ql_atoi  0x08294a88       0x4e libs/gcc/app_start.lib(stdlib_func.o)
                0x08294a88                Ql_atoi
 *fill*         0x08294ad6        0x2 
 .text.Ql_Sleep
                0x08294ad8       0x2c libs/gcc/app_start.lib(system.o)
                0x08294ad8                Ql_Sleep
 .text.Ql_GetvFunc_Init_Status
                0x08294b04       0x28 libs/gcc/app_start.lib(system.o)
                0x08294b04                Ql_GetvFunc_Init_Status
 .text.Ql_GetSDKVer
                0x08294b2c       0x38 libs/gcc/app_start.lib(system.o)
                0x08294b2c                Ql_GetSDKVer
 .text.Ql_OS_GetMessage
                0x08294b64       0x34 libs/gcc/app_start.lib(taskMngt.o)
                0x08294b64                Ql_OS_GetMessage
 .text.Ql_OS_SendMessage
                0x08294b98       0x44 libs/gcc/app_start.lib(taskMngt.o)
                0x08294b98                Ql_OS_SendMessage
 .text.Ql_OS_CreateMutex
                0x08294bdc       0x28 libs/gcc/app_start.lib(taskMngt.o)
                0x08294bdc                Ql_OS_CreateMutex
 .text.Ql_OS_TakeMutex
                0x08294c04       0x30 libs/gcc/app_start.lib(taskMngt.o)
                0x08294c04                Ql_OS_TakeMutex
 .text.Ql_OS_GiveMutex
                0x08294c34       0x2c libs/gcc/app_start.lib(taskMngt.o)
                0x08294c34                Ql_OS_GiveMutex
 .text.Ql_OS_CreateEvent
                0x08294c60       0x28 libs/gcc/app_start.lib(taskMngt.o)
                0x08294c60                Ql_OS_CreateEvent
 .text.Ql_OS_WaitEvent
                0x08294c88       0x3c libs/gcc/app_start.lib(taskMngt.o)
                0x08294c88                Ql_OS_WaitEvent
 .text.Ql_OS_SetEvent
                0x08294cc4       0x38 libs/gcc/app_start.lib(taskMngt.o)
                0x08294cc4                Ql_OS_SetEvent
 .text.Ql_ril_request_command
                0x08294cfc       0x34 libs/gcc/app_start.lib(taskMngt.o)
                0x08294cfc                Ql_ril_request_command
 .text.Ql_Timer_Register
                0x08294d30       0x3c libs/gcc/app_start.lib(timer.o)
                0x08294d30                Ql_Timer_Register
 .text.Ql_Timer_Start
                0x08294d6c       0x3c libs/gcc/app_start.lib(timer.o)
                0x08294d6c                Ql_Timer_Start
 .text.Ql_Timer_Stop
                0x08294da8       0x34 libs/gcc/app_start.lib(timer.o)
                0x08294da8                Ql_Timer_Stop
 .text.Ql_UART_Register
                0x08294ddc       0x3c libs/gcc/app_start.lib(uart.o)
                0x08294ddc                Ql_UART_Register
 .text.Ql_UART_Open
                0x08294e18       0x3c libs/gcc/app_start.lib(uart.o)
                0x08294e18                Ql_UART_Open
 .text.Ql_UART_Write
                0x08294e54       0x3c libs/gcc/app_start.lib(uart.o)
                0x08294e54                Ql_UART_Write
 .text.Ql_UART_Read
                0x08294e90       0x3c libs/gcc/app_start.lib(uart.o)
                0x08294e90                Ql_UART_Read
 .text.Ql_RIL_Protocol_Handle
                0x08294ecc       0x38 libs/gcc/app_start.lib(ql_urc_register.o)
                0x08294ecc                Ql_RIL_Protocol_Handle
 .text.memset   0x08294f04       0x94 tools\gcc\win\gcc-arm-none-eabi/arm-none-eabi/lib/armv7e-m/fpu/libc.a(lib_a-memset.o)
                0x08294f04                memset
 *(.text)
 .text          0x08294f98       0x4c libs/gcc/app_start.lib(ocpu_init.o)
                0x08294fac                _OCPU_InitUserMem

.glue_7         0x08294fe4        0x0
 .glue_7        0x00000000        0x0 linker stubs

.glue_7t        0x08294fe4        0x0
 .glue_7t       0x00000000        0x0 linker stubs

.vfp11_veneer   0x08294fe4        0x0
 .vfp11_veneer  0x00000000        0x0 linker stubs

.v4_bx          0x08294fe4        0x0
 .v4_bx         0x00000000        0x0 linker stubs

.iplt           0x08294fe4        0x0
 .iplt          0x00000000        0x0 build\gcc\obj/custom/config/custom_sys_cfg.o

.rodata         0x08294fe4       0x31
                0x08294fe4                . = ALIGN (0x4)
 *(.rodata)
 .rodata        0x08294fe4       0x16 libs/gcc/app_start.lib(ql_main.o)
 .rodata        0x08294ffa       0x1b libs/gcc/app_start.lib(system.o)
                0x08296008                __data_load = LOADADDR (.data)

.rodata.wtdCfg  0x08295015        0x2
 .rodata.wtdCfg
                0x08295015        0x2 build\gcc\obj/custom/config/custom_sys_cfg.o

.rodata.appEnableCfg
                0x08295018        0x4
 .rodata.appEnableCfg
                0x08295018        0x4 build\gcc\obj/custom/config/custom_sys_cfg.o

.rodata.debugPortCfg
                0x0829501c        0x1
 .rodata.debugPortCfg
                0x0829501c        0x1 build\gcc\obj/custom/config/custom_sys_cfg.o

.rodata.debugPortSet
                0x0829501d        0x2
 .rodata.debugPortSet
                0x0829501d        0x2 build\gcc\obj/custom/config/custom_sys_cfg.o

.rodata.SystemCfg
                0x08295020       0x3c
 .rodata.SystemCfg
                0x08295020       0x3c build\gcc\obj/custom/config/custom_sys_cfg.o
                0x08295020                SystemCfg

.rodata.GpioConfigTbl
                0x0829505c        0x4
 .rodata.GpioConfigTbl
                0x0829505c        0x4 build\gcc\obj/custom/config/sys_config.o
                0x0829505c                GpioConfigTbl

.rodata.TaskConfig
                0x08295060       0x78
 .rodata.TaskConfig
                0x08295060       0x78 build\gcc\obj/custom/config/sys_config.o
                0x08295060                TaskConfig

.rodata.str1.1  0x082950d8      0xad0
 .rodata.str1.1
                0x082950d8       0x34 build\gcc\obj/ril/src/ril_atResponse.o
                                 0x3a (size before relaxing)
 .rodata.str1.1
                0x0829510c       0x4e build\gcc\obj/ril/src/ril_dfota.o
 .rodata.str1.1
                0x0829515a       0x21 build\gcc\obj/ril/src/ril_init.o
 .rodata.str1.1
                0x0829517b       0x63 build\gcc\obj/ril/src/ril_network.o
                                 0x8e (size before relaxing)
 .rodata.str1.1
                0x082951de      0x11d build\gcc\obj/ril/src/ril_urc.o
                                0x120 (size before relaxing)
 .rodata.str1.1
                0x082952fb       0x11 build\gcc\obj/ril/src/ril_util.o
                                 0x16 (size before relaxing)
 .rodata.str1.1
                0x0829530c      0x18b build\gcc\obj/custom/app/src/main.o
                                0x1a3 (size before relaxing)
 .rodata.str1.1
                0x08295497       0x4a build\gcc\obj/custom/bsp/src/bsp_key.o
 .rodata.str1.1
                0x082954e1       0x4c build\gcc\obj/custom/bsp/src/bsp_motor.o
 .rodata.str1.1
                0x0829552d       0x9d build\gcc\obj/custom/bsp/src/bsp_spi_bus.o
 .rodata.str1.1
                0x082955ca       0x42 build\gcc\obj/custom/bsp/src/bsp_st3375.o
 .rodata.str1.1
                0x0829560c       0xa6 build\gcc\obj/custom/bsp/src/bsp_tft_lcd.o
 .rodata.str1.1
                0x082956b2       0x81 libs/gcc/app_start.lib(gpio.o)
 .rodata.str1.1
                0x08295733       0x19 libs/gcc/app_start.lib(memory.o)
 .rodata.str1.1
                0x0829574c       0x1a libs/gcc/app_start.lib(ql_main.o)
 .rodata.str1.1
                0x08295766        0xa libs/gcc/app_start.lib(ril_main.o)
                                 0x11 (size before relaxing)
 .rodata.str1.1
                0x08295770       0x5a libs/gcc/app_start.lib(spi.o)
 .rodata.str1.1
                0x082957ca       0xa1 libs/gcc/app_start.lib(stdlib_func.o)
 .rodata.str1.1
                0x0829586b       0x36 libs/gcc/app_start.lib(system.o)
 .rodata.str1.1
                0x082958a1      0x1e2 libs/gcc/app_start.lib(taskMngt.o)
 .rodata.str1.1
                0x08295a83       0xa0 libs/gcc/app_start.lib(timer.o)
 .rodata.str1.1
                0x08295b23       0x85 libs/gcc/app_start.lib(uart.o)

.rodata.m_AtURCHdlEntry
                0x08295ba8      0x380
 .rodata.m_AtURCHdlEntry
                0x08295ba8      0x380 build\gcc\obj/ril/src/ril_urc.o

.rodata.m_SysURCHdlEntry
                0x08295f28       0xe0
 .rodata.m_SysURCHdlEntry
                0x08295f28       0xe0 build\gcc\obj/ril/src/ril_urc.o

.rel.dyn        0x08296008        0x0
 .rel.iplt      0x00000000        0x0 build\gcc\obj/custom/config/custom_sys_cfg.o

.data           0x001e7000      0x1fc load address 0x08296008
                0x001e7000                __data_start = .
                0x001e7000                . = ALIGN (0x4)
 *(.data.*)
 .data.g_InitCmds
                0x001e7000        0x8 build\gcc\obj/ril/src/ril_init.o
                0x001e7000                g_InitCmds
 .data.g_LimitedCmds
                0x001e7008        0x4 build\gcc\obj/ril/src/ril_init.o
                0x001e7008                g_LimitedCmds
 .data.mqtt_urc_param
                0x001e700c       0x38 build\gcc\obj/ril/src/ril_urc.o
                0x001e700c                mqtt_urc_param
 .data.g_LcdHeight
                0x001e7044        0x2 build\gcc\obj/custom/bsp/src/bsp_tft_lcd.o
                0x001e7044                g_LcdHeight
 .data.g_LcdWidth
                0x001e7046        0x2 build\gcc\obj/custom/bsp/src/bsp_tft_lcd.o
                0x001e7046                g_LcdWidth
 .data.api_notsup
                0x001e7048       0x18 libs/gcc/app_start.lib(ql_func.o)
                0x001e7048                api_notsup
 .data.g_ril_auxTaskId
                0x001e7060        0x4 libs/gcc/app_start.lib(ril_aux.o)
                0x001e7060                g_ril_auxTaskId
 .data.m_atTimer
                0x001e7064        0xc libs/gcc/app_start.lib(ril_main.o)
 .data.m_thisTaskId
                0x001e7070        0x4 libs/gcc/app_start.lib(ril_main.o)
 .data.m_SysPROTOCOLEntry
                0x001e7074      0x188 libs/gcc/app_start.lib(ql_urc_register.o)
 *(.data)
                0x001e71fc                _edata = .

.igot.plt       0x001e71fc        0x0 load address 0x08296204
 .igot.plt      0x00000000        0x0 build\gcc\obj/custom/config/custom_sys_cfg.o

.bss            0x001e71fc     0x1f98 load address 0x08296204
                0x001e71fc                __bss_start__ = .
                0x001e71fc                . = ALIGN (0x4)
 *(.bss)
 *(.bss.*)
 .bss.m_iErrCode
                0x001e71fc        0x4 build\gcc\obj/ril/src/ril_atResponse.o
 .bss.onenet_urc_param
                0x001e7200      0x4ec build\gcc\obj/ril/src/ril_urc.o
                0x001e7200                onenet_urc_param
 .bss.lwm2m_urc_param
                0x001e76ec       0x10 build\gcc\obj/ril/src/ril_urc.o
                0x001e76ec                lwm2m_urc_param
 .bss.socket_urc_param
                0x001e76fc        0x8 build\gcc\obj/ril/src/ril_urc.o
                0x001e76fc                socket_urc_param
 .bss.DBG_BUFFER
                0x001e7704      0x200 build\gcc\obj/custom/app/src/main.o
 .bss.m_RxBuf_Uart
                0x001e7904      0x800 build\gcc\obj/custom/app/src/main.o
 .bss.DBG_BUFFER
                0x001e8104      0x200 build\gcc\obj/custom/bsp/src/bsp_key.o
 .bss.s_tBtn    0x001e8304       0x10 build\gcc\obj/custom/bsp/src/bsp_key.o
 .bss.s_tKey    0x001e8314        0xc build\gcc\obj/custom/bsp/src/bsp_key.o
 .bss.DBG_BUFFER
                0x001e8320      0x200 build\gcc\obj/custom/bsp/src/bsp_motor.o
 .bss.g_tMotor  0x001e8520        0xc build\gcc\obj/custom/bsp/src/bsp_motor.o
 .bss.DBG_BUFFER
                0x001e852c      0x200 build\gcc\obj/custom/bsp/src/bsp_spi_bus.o
 .bss.DBG_BUFFER
                0x001e872c      0x200 build\gcc\obj/custom/bsp/src/bsp_st3375.o
 .bss.pFrameBuff
                0x001e892c        0x4 build\gcc\obj/custom/bsp/src/bsp_tft_lcd.o
                0x001e892c                pFrameBuff
 .bss.DBG_BUFFER
                0x001e8930      0x200 build\gcc\obj/custom/bsp/src/bsp_tft_lcd.o
 .bss.s_ucBright
                0x001e8b30        0x1 build\gcc\obj/custom/bsp/src/bsp_tft_lcd.o
                0x001e8b30                s_ucBright
 *fill*         0x001e8b31        0x3 
 .bss.g_ChipID  0x001e8b34        0x4 build\gcc\obj/custom/bsp/src/bsp_tft_lcd.o
                0x001e8b34                g_ChipID
 .bss.g_LcdDirection
                0x001e8b38        0x1 build\gcc\obj/custom/bsp/src/bsp_tft_lcd.o
                0x001e8b38                g_LcdDirection
 *fill*         0x001e8b39        0x3 
 .bss.m_GPIO_Init
                0x001e8b3c        0x4 libs/gcc/app_start.lib(gpio.o)
                0x001e8b3c                m_GPIO_Init
 .bss.m_GPIO_GetLevel
                0x001e8b40        0x4 libs/gcc/app_start.lib(gpio.o)
                0x001e8b40                m_GPIO_GetLevel
 .bss.m_GPIO_SetLevel
                0x001e8b44        0x4 libs/gcc/app_start.lib(gpio.o)
                0x001e8b44                m_GPIO_SetLevel
 .bss.m_MEM_Alloc
                0x001e8b48        0x4 libs/gcc/app_start.lib(memory.o)
 .bss.m_MEM_Free
                0x001e8b4c        0x4 libs/gcc/app_start.lib(memory.o)
 .bss.m_create_api_hash
                0x001e8b50        0x4 libs/gcc/app_start.lib(ql_func.o)
                0x001e8b50                m_create_api_hash
 .bss.m_get_api_ptr
                0x001e8b54        0x4 libs/gcc/app_start.lib(ql_func.o)
                0x001e8b54                m_get_api_ptr
 .bss.Ql_sscanf
                0x001e8b58        0x4 libs/gcc/app_start.lib(ql_main.o)
                0x001e8b58                Ql_sscanf
 .bss.runinfo   0x001e8b5c        0x8 libs/gcc/app_start.lib(ql_main.o)
                0x001e8b5c                runinfo
 .bss.Ql_Debug_Trace
                0x001e8b64        0x4 libs/gcc/app_start.lib(ql_main.o)
                0x001e8b64                Ql_Debug_Trace
 .bss.Ql_sprintf
                0x001e8b68        0x4 libs/gcc/app_start.lib(ql_main.o)
                0x001e8b68                Ql_sprintf
 .bss.Ql_snprintf
                0x001e8b6c        0x4 libs/gcc/app_start.lib(ql_main.o)
                0x001e8b6c                Ql_snprintf
 .bss.init_size
                0x001e8b70        0x4 libs/gcc/app_start.lib(ql_main.o)
 .bss.g_ril_auxTaskReady
                0x001e8b74        0x1 libs/gcc/app_start.lib(ril_aux.o)
                0x001e8b74                g_ril_auxTaskReady
 *fill*         0x001e8b75        0x3 
 .bss.m_pATRspLineBuf
                0x001e8b78        0x4 libs/gcc/app_start.lib(ril_main.o)
 .bss.m_strATCmd
                0x001e8b7c      0x578 libs/gcc/app_start.lib(ril_main.o)
 .bss.m_IsATHandling
                0x001e90f4        0x1 libs/gcc/app_start.lib(ril_main.o)
 *fill*         0x001e90f5        0x3 
 .bss.m_data    0x001e90f8        0x8 libs/gcc/app_start.lib(ril_main.o)
 .bss.m_isRILInited
                0x001e9100        0x1 libs/gcc/app_start.lib(ril_main.o)
 *fill*         0x001e9101        0x3 
 .bss.m_nATRspBufLen
                0x001e9104        0x4 libs/gcc/app_start.lib(ril_main.o)
 .bss.m_nAtMutexId
                0x001e9108        0x4 libs/gcc/app_start.lib(ril_main.o)
 .bss.m_userdata
                0x001e910c        0x4 libs/gcc/app_start.lib(ril_main.o)
 .bss.g_nEventGrpId
                0x001e9110        0x4 libs/gcc/app_start.lib(ril_main.o)
 .bss.m_pATRspBuffer
                0x001e9114        0x4 libs/gcc/app_start.lib(ril_main.o)
 .bss.m_nATErrCode
                0x001e9118        0x4 libs/gcc/app_start.lib(ril_main.o)
 .bss.m_atRsp_callback
                0x001e911c        0x4 libs/gcc/app_start.lib(ril_main.o)
 .bss.m_nATRsp_Result
                0x001e9120        0x4 libs/gcc/app_start.lib(ril_main.o)
 .bss.m_SPI_Config
                0x001e9124        0x4 libs/gcc/app_start.lib(spi.o)
                0x001e9124                m_SPI_Config
 .bss.m_SPI_Init
                0x001e9128        0x4 libs/gcc/app_start.lib(spi.o)
                0x001e9128                m_SPI_Init
 .bss.m_SPI_Write
                0x001e912c        0x4 libs/gcc/app_start.lib(spi.o)
                0x001e912c                m_SPI_Write
 .bss.m_strncmp
                0x001e9130        0x4 libs/gcc/app_start.lib(stdlib_func.o)
 .bss.m_strncpy
                0x001e9134        0x4 libs/gcc/app_start.lib(stdlib_func.o)
 .bss.m_memset  0x001e9138        0x4 libs/gcc/app_start.lib(stdlib_func.o)
 .bss.m_memcpy  0x001e913c        0x4 libs/gcc/app_start.lib(stdlib_func.o)
 .bss.m_memcmp  0x001e9140        0x4 libs/gcc/app_start.lib(stdlib_func.o)
 .bss.m_strlen  0x001e9144        0x4 libs/gcc/app_start.lib(stdlib_func.o)
 .bss.m_strstr  0x001e9148        0x4 libs/gcc/app_start.lib(stdlib_func.o)
 .bss.m_Sleep   0x001e914c        0x4 libs/gcc/app_start.lib(system.o)
 .bss.m_GetvFunc_Init_Status
                0x001e9150        0x4 libs/gcc/app_start.lib(system.o)
 .bss.m_RIL_request_custom_command
                0x001e9154        0x4 libs/gcc/app_start.lib(taskMngt.o)
 .bss.m_OS_TakeMutex
                0x001e9158        0x4 libs/gcc/app_start.lib(taskMngt.o)
 .bss.m_OS_GiveMutex
                0x001e915c        0x4 libs/gcc/app_start.lib(taskMngt.o)
 .bss.m_OS_GetMessage
                0x001e9160        0x4 libs/gcc/app_start.lib(taskMngt.o)
 .bss.m_OS_CreateEvent
                0x001e9164        0x4 libs/gcc/app_start.lib(taskMngt.o)
 .bss.m_OS_SendMessage
                0x001e9168        0x4 libs/gcc/app_start.lib(taskMngt.o)
 .bss.m_OS_WaitEvent
                0x001e916c        0x4 libs/gcc/app_start.lib(taskMngt.o)
 .bss.m_OS_SetEvent
                0x001e9170        0x4 libs/gcc/app_start.lib(taskMngt.o)
 .bss.m_OS_CreateMutex
                0x001e9174        0x4 libs/gcc/app_start.lib(taskMngt.o)
 .bss.m_Timer_Register
                0x001e9178        0x4 libs/gcc/app_start.lib(timer.o)
 .bss.m_Timer_Stop
                0x001e917c        0x4 libs/gcc/app_start.lib(timer.o)
 .bss.m_Timer_Start
                0x001e9180        0x4 libs/gcc/app_start.lib(timer.o)
 .bss.m_Ql_UART_Open
                0x001e9184        0x4 libs/gcc/app_start.lib(uart.o)
 .bss.m_Ql_UART_Read
                0x001e9188        0x4 libs/gcc/app_start.lib(uart.o)
 .bss.m_Ql_UART_Register
                0x001e918c        0x4 libs/gcc/app_start.lib(uart.o)
 .bss.m_Ql_UART_Write
                0x001e9190        0x4 libs/gcc/app_start.lib(uart.o)
                0x001e9194                __bss_end__ = .
LOAD build\gcc\obj/custom/config/custom_sys_cfg.o
LOAD build\gcc\obj/custom/config/sys_config.o
LOAD build\gcc\obj/ril/src/ril_atResponse.o
LOAD build\gcc\obj/ril/src/ril_dfota.o
LOAD build\gcc\obj/ril/src/ril_init.o
LOAD build\gcc\obj/ril/src/ril_lwm2m.o
LOAD build\gcc\obj/ril/src/ril_mqtt.o
LOAD build\gcc\obj/ril/src/ril_network.o
LOAD build\gcc\obj/ril/src/ril_onenet.o
LOAD build\gcc\obj/ril/src/ril_socket.o
LOAD build\gcc\obj/ril/src/ril_system.o
LOAD build\gcc\obj/ril/src/ril_urc.o
LOAD build\gcc\obj/ril/src/ril_util.o
LOAD build\gcc\obj/custom/app/src/battery.o
LOAD build\gcc\obj/custom/app/src/main.o
LOAD build\gcc\obj/custom/fonts/asc12x24.o
LOAD build\gcc\obj/custom/fonts/asc16x32.o
LOAD build\gcc\obj/custom/fonts/asc20x40.o
LOAD build\gcc\obj/custom/fonts/asc24x48.o
LOAD build\gcc\obj/custom/fonts/asc8x16.o
LOAD build\gcc\obj/custom/fonts/hz64.o
LOAD build\gcc\obj/custom/bsp/src/bsp.o
LOAD build\gcc\obj/custom/bsp/src/bsp_adc.o
LOAD build\gcc\obj/custom/bsp/src/bsp_charge.o
LOAD build\gcc\obj/custom/bsp/src/bsp_cst816s.o
LOAD build\gcc\obj/custom/bsp/src/bsp_key.o
LOAD build\gcc\obj/custom/bsp/src/bsp_motor.o
LOAD build\gcc\obj/custom/bsp/src/bsp_spi_bus.o
LOAD build\gcc\obj/custom/bsp/src/bsp_spi_flash.o
LOAD build\gcc\obj/custom/bsp/src/bsp_st3375.o
LOAD build\gcc\obj/custom/bsp/src/bsp_tft_lcd.o
LOAD build\gcc\obj/custom/bsp/src/bsp_touch.o
LOAD libs/gcc/app_start.lib
LOAD tools\gcc\win\gcc-arm-none-eabi/arm-none-eabi/lib/armv7e-m/fpu/libm.a
LOAD tools\gcc\win\gcc-arm-none-eabi/arm-none-eabi/lib/armv7e-m/fpu/libc.a
LOAD tools\gcc\win\gcc-arm-none-eabi/lib/gcc/arm-none-eabi/4.8.3/armv7e-m/fpu/libgcc.a
OUTPUT(build\gcc/APPGS3MDM32A01.elf elf32-littlearm)

.debug_info     0x00000000    0x10e24
 .debug_info    0x00000000      0x382 build\gcc\obj/custom/config/custom_sys_cfg.o
 .debug_info    0x00000382      0x29a build\gcc\obj/custom/config/sys_config.o
 .debug_info    0x0000061c      0x23f build\gcc\obj/ril/src/ril_atResponse.o
 .debug_info    0x0000085b      0x493 build\gcc\obj/ril/src/ril_dfota.o
 .debug_info    0x00000cee       0xfc build\gcc\obj/ril/src/ril_init.o
 .debug_info    0x00000dea      0x521 build\gcc\obj/ril/src/ril_network.o
 .debug_info    0x0000130b      0x4bd build\gcc\obj/ril/src/ril_system.o
 .debug_info    0x000017c8     0x2897 build\gcc\obj/ril/src/ril_urc.o
 .debug_info    0x0000405f      0x5a6 build\gcc\obj/ril/src/ril_util.o
 .debug_info    0x00004605      0xdc5 build\gcc\obj/custom/app/src/main.o
 .debug_info    0x000053ca       0xc9 build\gcc\obj/custom/bsp/src/bsp.o
 .debug_info    0x00005493      0x698 build\gcc\obj/custom/bsp/src/bsp_key.o
 .debug_info    0x00005b2b      0x4d8 build\gcc\obj/custom/bsp/src/bsp_motor.o
 .debug_info    0x00006003      0x47e build\gcc\obj/custom/bsp/src/bsp_spi_bus.o
 .debug_info    0x00006481     0x1311 build\gcc\obj/custom/bsp/src/bsp_st3375.o
 .debug_info    0x00007792     0x1c2e build\gcc\obj/custom/bsp/src/bsp_tft_lcd.o
 .debug_info    0x000093c0      0x890 libs/gcc/app_start.lib(gpio.o)
 .debug_info    0x00009c50      0x24e libs/gcc/app_start.lib(memory.o)
 .debug_info    0x00009e9e      0x8a8 libs/gcc/app_start.lib(ql_func.o)
 .debug_info    0x0000a746      0x6f8 libs/gcc/app_start.lib(ql_main.o)
 .debug_info    0x0000ae3e      0x19b libs/gcc/app_start.lib(ril_aux.o)
 .debug_info    0x0000afd9     0x1159 libs/gcc/app_start.lib(ril_main.o)
 .debug_info    0x0000c132      0x921 libs/gcc/app_start.lib(spi.o)
 .debug_info    0x0000ca53     0x11e1 libs/gcc/app_start.lib(stdlib_func.o)
 .debug_info    0x0000dc34      0x654 libs/gcc/app_start.lib(system.o)
 .debug_info    0x0000e288     0x1118 libs/gcc/app_start.lib(taskMngt.o)
 .debug_info    0x0000f3a0      0x8ee libs/gcc/app_start.lib(timer.o)
 .debug_info    0x0000fc8e      0xc02 libs/gcc/app_start.lib(uart.o)
 .debug_info    0x00010890       0x6c libs/gcc/app_start.lib(ocpu_init.o)
 .debug_info    0x000108fc      0x528 libs/gcc/app_start.lib(ql_urc_register.o)

.debug_abbrev   0x00000000     0x3128
 .debug_abbrev  0x00000000       0xe8 build\gcc\obj/custom/config/custom_sys_cfg.o
 .debug_abbrev  0x000000e8       0xc2 build\gcc\obj/custom/config/sys_config.o
 .debug_abbrev  0x000001aa      0x13b build\gcc\obj/ril/src/ril_atResponse.o
 .debug_abbrev  0x000002e5      0x18e build\gcc\obj/ril/src/ril_dfota.o
 .debug_abbrev  0x00000473       0x86 build\gcc\obj/ril/src/ril_init.o
 .debug_abbrev  0x000004f9      0x1e9 build\gcc\obj/ril/src/ril_network.o
 .debug_abbrev  0x000006e2      0x1b7 build\gcc\obj/ril/src/ril_system.o
 .debug_abbrev  0x00000899      0x2b8 build\gcc\obj/ril/src/ril_urc.o
 .debug_abbrev  0x00000b51      0x13e build\gcc\obj/ril/src/ril_util.o
 .debug_abbrev  0x00000c8f      0x274 build\gcc\obj/custom/app/src/main.o
 .debug_abbrev  0x00000f03       0x6e build\gcc\obj/custom/bsp/src/bsp.o
 .debug_abbrev  0x00000f71      0x2b1 build\gcc\obj/custom/bsp/src/bsp_key.o
 .debug_abbrev  0x00001222      0x134 build\gcc\obj/custom/bsp/src/bsp_motor.o
 .debug_abbrev  0x00001356      0x198 build\gcc\obj/custom/bsp/src/bsp_spi_bus.o
 .debug_abbrev  0x000014ee      0x2c4 build\gcc\obj/custom/bsp/src/bsp_st3375.o
 .debug_abbrev  0x000017b2      0x436 build\gcc\obj/custom/bsp/src/bsp_tft_lcd.o
 .debug_abbrev  0x00001be8      0x119 libs/gcc/app_start.lib(gpio.o)
 .debug_abbrev  0x00001d01      0x13f libs/gcc/app_start.lib(memory.o)
 .debug_abbrev  0x00001e40      0x176 libs/gcc/app_start.lib(ql_func.o)
 .debug_abbrev  0x00001fb6      0x1c5 libs/gcc/app_start.lib(ql_main.o)
 .debug_abbrev  0x0000217b      0x10b libs/gcc/app_start.lib(ril_aux.o)
 .debug_abbrev  0x00002286      0x419 libs/gcc/app_start.lib(ril_main.o)
 .debug_abbrev  0x0000269f      0x119 libs/gcc/app_start.lib(spi.o)
 .debug_abbrev  0x000027b8      0x248 libs/gcc/app_start.lib(stdlib_func.o)
 .debug_abbrev  0x00002a00      0x17d libs/gcc/app_start.lib(system.o)
 .debug_abbrev  0x00002b7d      0x1df libs/gcc/app_start.lib(taskMngt.o)
 .debug_abbrev  0x00002d5c      0x10c libs/gcc/app_start.lib(timer.o)
 .debug_abbrev  0x00002e68      0x15c libs/gcc/app_start.lib(uart.o)
 .debug_abbrev  0x00002fc4       0x14 libs/gcc/app_start.lib(ocpu_init.o)
 .debug_abbrev  0x00002fd8      0x150 libs/gcc/app_start.lib(ql_urc_register.o)

.debug_aranges  0x00000000      0xa10
 .debug_aranges
                0x00000000       0x20 build\gcc\obj/custom/config/custom_sys_cfg.o
 .debug_aranges
                0x00000020       0x18 build\gcc\obj/custom/config/sys_config.o
 .debug_aranges
                0x00000038       0x30 build\gcc\obj/ril/src/ril_atResponse.o
 .debug_aranges
                0x00000068       0x30 build\gcc\obj/ril/src/ril_dfota.o
 .debug_aranges
                0x00000098       0x28 build\gcc\obj/ril/src/ril_init.o
 .debug_aranges
                0x000000c0       0x30 build\gcc\obj/ril/src/ril_network.o
 .debug_aranges
                0x000000f0       0x40 build\gcc\obj/ril/src/ril_system.o
 .debug_aranges
                0x00000130       0xc8 build\gcc\obj/ril/src/ril_urc.o
 .debug_aranges
                0x000001f8       0x48 build\gcc\obj/ril/src/ril_util.o
 .debug_aranges
                0x00000240       0x40 build\gcc\obj/custom/app/src/main.o
 .debug_aranges
                0x00000280       0x20 build\gcc\obj/custom/bsp/src/bsp.o
 .debug_aranges
                0x000002a0       0x58 build\gcc\obj/custom/bsp/src/bsp_key.o
 .debug_aranges
                0x000002f8       0x48 build\gcc\obj/custom/bsp/src/bsp_motor.o
 .debug_aranges
                0x00000340       0x38 build\gcc\obj/custom/bsp/src/bsp_spi_bus.o
 .debug_aranges
                0x00000378       0xa0 build\gcc\obj/custom/bsp/src/bsp_st3375.o
 .debug_aranges
                0x00000418      0x148 build\gcc\obj/custom/bsp/src/bsp_tft_lcd.o
 .debug_aranges
                0x00000560       0x50 libs/gcc/app_start.lib(gpio.o)
 .debug_aranges
                0x000005b0       0x28 libs/gcc/app_start.lib(memory.o)
 .debug_aranges
                0x000005d8       0x50 libs/gcc/app_start.lib(ql_func.o)
 .debug_aranges
                0x00000628       0x28 libs/gcc/app_start.lib(ql_main.o)
 .debug_aranges
                0x00000650       0x20 libs/gcc/app_start.lib(ril_aux.o)
 .debug_aranges
                0x00000670       0x58 libs/gcc/app_start.lib(ril_main.o)
 .debug_aranges
                0x000006c8       0x48 libs/gcc/app_start.lib(spi.o)
 .debug_aranges
                0x00000710       0xc0 libs/gcc/app_start.lib(stdlib_func.o)
 .debug_aranges
                0x000007d0       0x48 libs/gcc/app_start.lib(system.o)
 .debug_aranges
                0x00000818       0xd0 libs/gcc/app_start.lib(taskMngt.o)
 .debug_aranges
                0x000008e8       0x60 libs/gcc/app_start.lib(timer.o)
 .debug_aranges
                0x00000948       0x60 libs/gcc/app_start.lib(uart.o)
 .debug_aranges
                0x000009a8       0x20 libs/gcc/app_start.lib(ocpu_init.o)
 .debug_aranges
                0x000009c8       0x48 libs/gcc/app_start.lib(ql_urc_register.o)

.debug_ranges   0x00000000      0xd60
 .debug_ranges  0x00000000       0x10 build\gcc\obj/custom/config/custom_sys_cfg.o
 .debug_ranges  0x00000010       0x20 build\gcc\obj/ril/src/ril_atResponse.o
 .debug_ranges  0x00000030       0x20 build\gcc\obj/ril/src/ril_dfota.o
 .debug_ranges  0x00000050       0x18 build\gcc\obj/ril/src/ril_init.o
 .debug_ranges  0x00000068       0x20 build\gcc\obj/ril/src/ril_network.o
 .debug_ranges  0x00000088       0x30 build\gcc\obj/ril/src/ril_system.o
 .debug_ranges  0x000000b8       0xb8 build\gcc\obj/ril/src/ril_urc.o
 .debug_ranges  0x00000170       0x38 build\gcc\obj/ril/src/ril_util.o
 .debug_ranges  0x000001a8       0x30 build\gcc\obj/custom/app/src/main.o
 .debug_ranges  0x000001d8       0x10 build\gcc\obj/custom/bsp/src/bsp.o
 .debug_ranges  0x000001e8       0x88 build\gcc\obj/custom/bsp/src/bsp_key.o
 .debug_ranges  0x00000270       0x38 build\gcc\obj/custom/bsp/src/bsp_motor.o
 .debug_ranges  0x000002a8       0x28 build\gcc\obj/custom/bsp/src/bsp_spi_bus.o
 .debug_ranges  0x000002d0       0x90 build\gcc\obj/custom/bsp/src/bsp_st3375.o
 .debug_ranges  0x00000360      0x170 build\gcc\obj/custom/bsp/src/bsp_tft_lcd.o
 .debug_ranges  0x000004d0       0xe8 libs/gcc/app_start.lib(gpio.o)
 .debug_ranges  0x000005b8       0x18 libs/gcc/app_start.lib(memory.o)
 .debug_ranges  0x000005d0       0x70 libs/gcc/app_start.lib(ql_func.o)
 .debug_ranges  0x00000640       0x18 libs/gcc/app_start.lib(ql_main.o)
 .debug_ranges  0x00000658       0x10 libs/gcc/app_start.lib(ril_aux.o)
 .debug_ranges  0x00000668       0xb0 libs/gcc/app_start.lib(ril_main.o)
 .debug_ranges  0x00000718       0xc8 libs/gcc/app_start.lib(spi.o)
 .debug_ranges  0x000007e0      0x110 libs/gcc/app_start.lib(stdlib_func.o)
 .debug_ranges  0x000008f0       0x38 libs/gcc/app_start.lib(system.o)
 .debug_ranges  0x00000928      0x1c8 libs/gcc/app_start.lib(taskMngt.o)
 .debug_ranges  0x00000af0      0x128 libs/gcc/app_start.lib(timer.o)
 .debug_ranges  0x00000c18      0x110 libs/gcc/app_start.lib(uart.o)
 .debug_ranges  0x00000d28       0x38 libs/gcc/app_start.lib(ql_urc_register.o)

.debug_line     0x00000000     0x2c69
 .debug_line    0x00000000       0x8f build\gcc\obj/custom/config/custom_sys_cfg.o
 .debug_line    0x0000008f       0x7b build\gcc\obj/custom/config/sys_config.o
 .debug_line    0x0000010a       0xb7 build\gcc\obj/ril/src/ril_atResponse.o
 .debug_line    0x000001c1       0xca build\gcc\obj/ril/src/ril_dfota.o
 .debug_line    0x0000028b       0x69 build\gcc\obj/ril/src/ril_init.o
 .debug_line    0x000002f4       0xe7 build\gcc\obj/ril/src/ril_network.o
 .debug_line    0x000003db      0x108 build\gcc\obj/ril/src/ril_system.o
 .debug_line    0x000004e3      0x473 build\gcc\obj/ril/src/ril_urc.o
 .debug_line    0x00000956      0x187 build\gcc\obj/ril/src/ril_util.o
 .debug_line    0x00000add      0x1a0 build\gcc\obj/custom/app/src/main.o
 .debug_line    0x00000c7d       0x60 build\gcc\obj/custom/bsp/src/bsp.o
 .debug_line    0x00000cdd      0x18a build\gcc\obj/custom/bsp/src/bsp_key.o
 .debug_line    0x00000e67      0x14c build\gcc\obj/custom/bsp/src/bsp_motor.o
 .debug_line    0x00000fb3      0x105 build\gcc\obj/custom/bsp/src/bsp_spi_bus.o
 .debug_line    0x000010b8      0x33f build\gcc\obj/custom/bsp/src/bsp_st3375.o
 .debug_line    0x000013f7      0x54b build\gcc\obj/custom/bsp/src/bsp_tft_lcd.o
 .debug_line    0x00001942      0x13c libs/gcc/app_start.lib(gpio.o)
 .debug_line    0x00001a7e       0xb1 libs/gcc/app_start.lib(memory.o)
 .debug_line    0x00001b2f      0x12a libs/gcc/app_start.lib(ql_func.o)
 .debug_line    0x00001c59       0xf9 libs/gcc/app_start.lib(ql_main.o)
 .debug_line    0x00001d52       0x75 libs/gcc/app_start.lib(ril_aux.o)
 .debug_line    0x00001dc7      0x2a1 libs/gcc/app_start.lib(ril_main.o)
 .debug_line    0x00002068      0x128 libs/gcc/app_start.lib(spi.o)
 .debug_line    0x00002190      0x2cb libs/gcc/app_start.lib(stdlib_func.o)
 .debug_line    0x0000245b      0x116 libs/gcc/app_start.lib(system.o)
 .debug_line    0x00002571      0x2c8 libs/gcc/app_start.lib(taskMngt.o)
 .debug_line    0x00002839      0x16c libs/gcc/app_start.lib(timer.o)
 .debug_line    0x000029a5      0x175 libs/gcc/app_start.lib(uart.o)
 .debug_line    0x00002b1a       0x51 libs/gcc/app_start.lib(ocpu_init.o)
 .debug_line    0x00002b6b       0xfe libs/gcc/app_start.lib(ql_urc_register.o)

.debug_str      0x00000000     0x47ef
 .debug_str     0x00000000      0x54a build\gcc\obj/custom/config/custom_sys_cfg.o
                                0x578 (size before relaxing)
 .debug_str     0x0000054a      0x176 build\gcc\obj/custom/config/sys_config.o
                                0x48b (size before relaxing)
 .debug_str     0x000006c0       0xaa build\gcc\obj/ril/src/ril_atResponse.o
                                0x287 (size before relaxing)
 .debug_str     0x0000076a      0x1c0 build\gcc\obj/ril/src/ril_dfota.o
                                0x398 (size before relaxing)
 .debug_str     0x0000092a       0x53 build\gcc\obj/ril/src/ril_init.o
                                0x21f (size before relaxing)
 .debug_str     0x0000097d      0x14e build\gcc\obj/ril/src/ril_network.o
                                0x3dc (size before relaxing)
 .debug_str     0x00000acb       0xad build\gcc\obj/ril/src/ril_system.o
                                0x334 (size before relaxing)
 .debug_str     0x00000b78      0x73d build\gcc\obj/ril/src/ril_urc.o
                                0xb3b (size before relaxing)
 .debug_str     0x000012b5       0xb5 build\gcc\obj/ril/src/ril_util.o
                                0x299 (size before relaxing)
 .debug_str     0x0000136a      0xd00 build\gcc\obj/custom/app/src/main.o
                               0x10dd (size before relaxing)
 .debug_str     0x0000206a       0x1e build\gcc\obj/custom/bsp/src/bsp.o
                                0x210 (size before relaxing)
 .debug_str     0x00002088      0x128 build\gcc\obj/custom/bsp/src/bsp_key.o
                                0x641 (size before relaxing)
 .debug_str     0x000021b0       0xbd build\gcc\obj/custom/bsp/src/bsp_motor.o
                                0x59a (size before relaxing)
 .debug_str     0x0000226d       0x92 build\gcc\obj/custom/bsp/src/bsp_spi_bus.o
                                0x3ff (size before relaxing)
 .debug_str     0x000022ff      0x251 build\gcc\obj/custom/bsp/src/bsp_st3375.o
                                0x4b1 (size before relaxing)
 .debug_str     0x00002550      0x64e build\gcc\obj/custom/bsp/src/bsp_tft_lcd.o
                                0xbd6 (size before relaxing)
 .debug_str     0x00002b9e      0x217 libs/gcc/app_start.lib(gpio.o)
                                0xf69 (size before relaxing)
 .debug_str     0x00002db5       0x71 libs/gcc/app_start.lib(memory.o)
                                0x290 (size before relaxing)
 .debug_str     0x00002e26      0x2d6 libs/gcc/app_start.lib(ql_func.o)
                                0xec5 (size before relaxing)
 .debug_str     0x000030fc      0x1e6 libs/gcc/app_start.lib(ql_main.o)
                                0x774 (size before relaxing)
 .debug_str     0x000032e2       0x48 libs/gcc/app_start.lib(ril_aux.o)
                                0x294 (size before relaxing)
 .debug_str     0x0000332a      0x35e libs/gcc/app_start.lib(ril_main.o)
                               0x10bc (size before relaxing)
 .debug_str     0x00003688      0x186 libs/gcc/app_start.lib(spi.o)
                                0xe94 (size before relaxing)
 .debug_str     0x0000380e      0x294 libs/gcc/app_start.lib(stdlib_func.o)
                                0xeb5 (size before relaxing)
 .debug_str     0x00003aa2      0x11c libs/gcc/app_start.lib(system.o)
                                0xcee (size before relaxing)
 .debug_str     0x00003bbe      0x5f4 libs/gcc/app_start.lib(taskMngt.o)
                               0x127f (size before relaxing)
 .debug_str     0x000041b2      0x23f libs/gcc/app_start.lib(timer.o)
                                0xe30 (size before relaxing)
 .debug_str     0x000043f1      0x2bb libs/gcc/app_start.lib(uart.o)
                               0x1182 (size before relaxing)
 .debug_str     0x000046ac      0x143 libs/gcc/app_start.lib(ql_urc_register.o)
                                0xd2e (size before relaxing)

.comment        0x00000000       0x70
 .comment       0x00000000       0x70 build\gcc\obj/custom/config/custom_sys_cfg.o
                                 0x71 (size before relaxing)
 .comment       0x00000000       0x71 build\gcc\obj/custom/config/sys_config.o
 .comment       0x00000000       0x71 build\gcc\obj/ril/src/ril_atResponse.o
 .comment       0x00000000       0x71 build\gcc\obj/ril/src/ril_dfota.o
 .comment       0x00000000       0x71 build\gcc\obj/ril/src/ril_init.o
 .comment       0x00000000       0x71 build\gcc\obj/ril/src/ril_network.o
 .comment       0x00000000       0x71 build\gcc\obj/ril/src/ril_system.o
 .comment       0x00000000       0x71 build\gcc\obj/ril/src/ril_urc.o
 .comment       0x00000000       0x71 build\gcc\obj/ril/src/ril_util.o
 .comment       0x00000000       0x71 build\gcc\obj/custom/app/src/main.o
 .comment       0x00000000       0x71 build\gcc\obj/custom/bsp/src/bsp.o
 .comment       0x00000000       0x71 build\gcc\obj/custom/bsp/src/bsp_key.o
 .comment       0x00000000       0x71 build\gcc\obj/custom/bsp/src/bsp_motor.o
 .comment       0x00000000       0x71 build\gcc\obj/custom/bsp/src/bsp_spi_bus.o
 .comment       0x00000000       0x71 build\gcc\obj/custom/bsp/src/bsp_st3375.o
 .comment       0x00000000       0x71 build\gcc\obj/custom/bsp/src/bsp_tft_lcd.o
 .comment       0x00000000       0x71 libs/gcc/app_start.lib(gpio.o)
 .comment       0x00000000       0x71 libs/gcc/app_start.lib(memory.o)
 .comment       0x00000000       0x71 libs/gcc/app_start.lib(ql_func.o)
 .comment       0x00000000       0x71 libs/gcc/app_start.lib(ql_main.o)
 .comment       0x00000000       0x71 libs/gcc/app_start.lib(ril_aux.o)
 .comment       0x00000000       0x71 libs/gcc/app_start.lib(ril_main.o)
 .comment       0x00000000       0x71 libs/gcc/app_start.lib(spi.o)
 .comment       0x00000000       0x71 libs/gcc/app_start.lib(stdlib_func.o)
 .comment       0x00000000       0x71 libs/gcc/app_start.lib(system.o)
 .comment       0x00000000       0x71 libs/gcc/app_start.lib(taskMngt.o)
 .comment       0x00000000       0x71 libs/gcc/app_start.lib(timer.o)
 .comment       0x00000000       0x71 libs/gcc/app_start.lib(uart.o)
 .comment       0x00000000       0x71 libs/gcc/app_start.lib(ql_urc_register.o)

.ARM.attributes
                0x00000000       0x37
 .ARM.attributes
                0x00000000       0x39 build\gcc\obj/custom/config/custom_sys_cfg.o
 .ARM.attributes
                0x00000039       0x39 build\gcc\obj/custom/config/sys_config.o
 .ARM.attributes
                0x00000072       0x39 build\gcc\obj/ril/src/ril_atResponse.o
 .ARM.attributes
                0x000000ab       0x39 build\gcc\obj/ril/src/ril_dfota.o
 .ARM.attributes
                0x000000e4       0x39 build\gcc\obj/ril/src/ril_init.o
 .ARM.attributes
                0x0000011d       0x39 build\gcc\obj/ril/src/ril_network.o
 .ARM.attributes
                0x00000156       0x39 build\gcc\obj/ril/src/ril_system.o
 .ARM.attributes
                0x0000018f       0x39 build\gcc\obj/ril/src/ril_urc.o
 .ARM.attributes
                0x000001c8       0x39 build\gcc\obj/ril/src/ril_util.o
 .ARM.attributes
                0x00000201       0x39 build\gcc\obj/custom/app/src/main.o
 .ARM.attributes
                0x0000023a       0x39 build\gcc\obj/custom/bsp/src/bsp.o
 .ARM.attributes
                0x00000273       0x39 build\gcc\obj/custom/bsp/src/bsp_key.o
 .ARM.attributes
                0x000002ac       0x39 build\gcc\obj/custom/bsp/src/bsp_motor.o
 .ARM.attributes
                0x000002e5       0x39 build\gcc\obj/custom/bsp/src/bsp_spi_bus.o
 .ARM.attributes
                0x0000031e       0x39 build\gcc\obj/custom/bsp/src/bsp_st3375.o
 .ARM.attributes
                0x00000357       0x39 build\gcc\obj/custom/bsp/src/bsp_tft_lcd.o
 .ARM.attributes
                0x00000390       0x39 libs/gcc/app_start.lib(gpio.o)
 .ARM.attributes
                0x000003c9       0x39 libs/gcc/app_start.lib(memory.o)
 .ARM.attributes
                0x00000402       0x39 libs/gcc/app_start.lib(ql_func.o)
 .ARM.attributes
                0x0000043b       0x39 libs/gcc/app_start.lib(ql_main.o)
 .ARM.attributes
                0x00000474       0x39 libs/gcc/app_start.lib(ril_aux.o)
 .ARM.attributes
                0x000004ad       0x39 libs/gcc/app_start.lib(ril_main.o)
 .ARM.attributes
                0x000004e6       0x39 libs/gcc/app_start.lib(spi.o)
 .ARM.attributes
                0x0000051f       0x39 libs/gcc/app_start.lib(stdlib_func.o)
 .ARM.attributes
                0x00000558       0x39 libs/gcc/app_start.lib(system.o)
 .ARM.attributes
                0x00000591       0x39 libs/gcc/app_start.lib(taskMngt.o)
 .ARM.attributes
                0x000005ca       0x39 libs/gcc/app_start.lib(timer.o)
 .ARM.attributes
                0x00000603       0x39 libs/gcc/app_start.lib(uart.o)
 .ARM.attributes
                0x0000063c       0x21 libs/gcc/app_start.lib(ocpu_init.o)
 .ARM.attributes
                0x0000065d       0x39 libs/gcc/app_start.lib(ql_urc_register.o)
 .ARM.attributes
                0x00000696       0x34 tools\gcc\win\gcc-arm-none-eabi/arm-none-eabi/lib/armv7e-m/fpu/libc.a(lib_a-memset.o)

.debug_frame    0x00000000     0x1b78
 .debug_frame   0x00000000       0x20 build\gcc\obj/custom/config/custom_sys_cfg.o
 .debug_frame   0x00000020       0x4c build\gcc\obj/ril/src/ril_atResponse.o
 .debug_frame   0x0000006c       0x64 build\gcc\obj/ril/src/ril_dfota.o
 .debug_frame   0x000000d0       0x30 build\gcc\obj/ril/src/ril_init.o
 .debug_frame   0x00000100       0x6c build\gcc\obj/ril/src/ril_network.o
 .debug_frame   0x0000016c       0xb0 build\gcc\obj/ril/src/ril_system.o
 .debug_frame   0x0000021c      0x30c build\gcc\obj/ril/src/ril_urc.o
 .debug_frame   0x00000528       0xcc build\gcc\obj/ril/src/ril_util.o
 .debug_frame   0x000005f4       0xa8 build\gcc\obj/custom/app/src/main.o
 .debug_frame   0x0000069c       0x28 build\gcc\obj/custom/bsp/src/bsp.o
 .debug_frame   0x000006c4       0xb0 build\gcc\obj/custom/bsp/src/bsp_key.o
 .debug_frame   0x00000774       0xa4 build\gcc\obj/custom/bsp/src/bsp_motor.o
 .debug_frame   0x00000818       0x94 build\gcc\obj/custom/bsp/src/bsp_spi_bus.o
 .debug_frame   0x000008ac      0x204 build\gcc\obj/custom/bsp/src/bsp_st3375.o
 .debug_frame   0x00000ab0      0x3e0 build\gcc\obj/custom/bsp/src/bsp_tft_lcd.o
 .debug_frame   0x00000e90       0xd8 libs/gcc/app_start.lib(gpio.o)
 .debug_frame   0x00000f68       0x48 libs/gcc/app_start.lib(memory.o)
 .debug_frame   0x00000fb0       0xd8 libs/gcc/app_start.lib(ql_func.o)
 .debug_frame   0x00001088       0x48 libs/gcc/app_start.lib(ql_main.o)
 .debug_frame   0x000010d0       0x30 libs/gcc/app_start.lib(ril_aux.o)
 .debug_frame   0x00001100       0xf8 libs/gcc/app_start.lib(ril_main.o)
 .debug_frame   0x000011f8       0xe8 libs/gcc/app_start.lib(spi.o)
 .debug_frame   0x000012e0      0x26c libs/gcc/app_start.lib(stdlib_func.o)
 .debug_frame   0x0000154c       0xb4 libs/gcc/app_start.lib(system.o)
 .debug_frame   0x00001600      0x28c libs/gcc/app_start.lib(taskMngt.o)
 .debug_frame   0x0000188c      0x120 libs/gcc/app_start.lib(timer.o)
 .debug_frame   0x000019ac      0x120 libs/gcc/app_start.lib(uart.o)
 .debug_frame   0x00001acc       0x80 libs/gcc/app_start.lib(ql_urc_register.o)
 .debug_frame   0x00001b4c       0x2c tools\gcc\win\gcc-arm-none-eabi/arm-none-eabi/lib/armv7e-m/fpu/libc.a(lib_a-memset.o)

.debug_loc      0x00000000     0x8907
 .debug_loc     0x00000000       0xbb build\gcc\obj/ril/src/ril_atResponse.o
 .debug_loc     0x000000bb      0x129 build\gcc\obj/ril/src/ril_dfota.o
 .debug_loc     0x000001e4      0x270 build\gcc\obj/ril/src/ril_network.o
 .debug_loc     0x00000454      0x4c5 build\gcc\obj/ril/src/ril_system.o
 .debug_loc     0x00000919     0x1161 build\gcc\obj/ril/src/ril_urc.o
 .debug_loc     0x00001a7a      0x6fc build\gcc\obj/ril/src/ril_util.o
 .debug_loc     0x00002176      0x438 build\gcc\obj/custom/app/src/main.o
 .debug_loc     0x000025ae       0x20 build\gcc\obj/custom/bsp/src/bsp.o
 .debug_loc     0x000025ce      0x134 build\gcc\obj/custom/bsp/src/bsp_key.o
 .debug_loc     0x00002702      0x132 build\gcc\obj/custom/bsp/src/bsp_motor.o
 .debug_loc     0x00002834      0x1d9 build\gcc\obj/custom/bsp/src/bsp_spi_bus.o
 .debug_loc     0x00002a0d      0xc7d build\gcc\obj/custom/bsp/src/bsp_st3375.o
 .debug_loc     0x0000368a     0x150b build\gcc\obj/custom/bsp/src/bsp_tft_lcd.o
 .debug_loc     0x00004b95      0x35f libs/gcc/app_start.lib(gpio.o)
 .debug_loc     0x00004ef4       0xdf libs/gcc/app_start.lib(memory.o)
 .debug_loc     0x00004fd3      0x394 libs/gcc/app_start.lib(ql_func.o)
 .debug_loc     0x00005367      0x104 libs/gcc/app_start.lib(ql_main.o)
 .debug_loc     0x0000546b       0x60 libs/gcc/app_start.lib(ril_aux.o)
 .debug_loc     0x000054cb      0x84b libs/gcc/app_start.lib(ril_main.o)
 .debug_loc     0x00005d16      0x542 libs/gcc/app_start.lib(spi.o)
 .debug_loc     0x00006258      0xd09 libs/gcc/app_start.lib(stdlib_func.o)
 .debug_loc     0x00006f61      0x281 libs/gcc/app_start.lib(system.o)
 .debug_loc     0x000071e2      0xad0 libs/gcc/app_start.lib(taskMngt.o)
 .debug_loc     0x00007cb2      0x55c libs/gcc/app_start.lib(timer.o)
 .debug_loc     0x0000820e      0x551 libs/gcc/app_start.lib(uart.o)
 .debug_loc     0x0000875f      0x1a8 libs/gcc/app_start.lib(ql_urc_register.o)
